
Loading weights:   0%|          | 0/1013 [00:00<?, ?it/s][ALoading weights: 100%|██████████| 1013/1013 [00:00<00:00, 38213.03it/s]
{"phase": "continuation_admitted", "start_step": 20, "projected_seconds": 2119.195013857752, "remaining_seconds": 2384.2397542260005}
{"phase": "training_update", "step": 30, "total": 700, "seconds": 1.6619451100123115, "loss": 3.862064003944397, "gradient_norm": 3.864152669906616, "supervised_tokens": 363, "parents": 16, "lr": 2.1428571428571428e-05}
{"phase": "training_update", "step": 40, "total": 700, "seconds": 1.4798041059984826, "loss": 4.468931555747986, "gradient_norm": 3.7828521728515625, "supervised_tokens": 741, "parents": 16, "lr": 2.857142857142857e-05}
{"phase": "training_update", "step": 50, "total": 700, "seconds": 1.4561748790147249, "loss": 3.356191396713257, "gradient_norm": 3.123272657394409, "supervised_tokens": 476, "parents": 16, "lr": 2.9635258358662616e-05}
{"phase": "training_update", "step": 60, "total": 700, "seconds": 1.468454494024627, "loss": 3.3904289603233337, "gradient_norm": 2.8274505138397217, "supervised_tokens": 496, "parents": 16, "lr": 2.917933130699088e-05}
{"phase": "training_update", "step": 70, "total": 700, "seconds": 1.6455422900035046, "loss": 3.5877750515937805, "gradient_norm": 3.2477879524230957, "supervised_tokens": 654, "parents": 16, "lr": 2.872340425531915e-05}
{"phase": "training_update", "step": 80, "total": 700, "seconds": 1.6144476689805742, "loss": 3.577320694923401, "gradient_norm": 3.6562397480010986, "supervised_tokens": 409, "parents": 16, "lr": 2.8267477203647416e-05}
{"phase": "training_update", "step": 90, "total": 700, "seconds": 1.4542903509864118, "loss": 3.305746614933014, "gradient_norm": 4.355257511138916, "supervised_tokens": 499, "parents": 16, "lr": 2.7811550151975684e-05}
{"phase": "training_update", "step": 100, "total": 700, "seconds": 1.4564136400003918, "loss": 3.3325406908988953, "gradient_norm": 3.1255605220794678, "supervised_tokens": 678, "parents": 16, "lr": 2.7355623100303953e-05}
{"phase": "training_update", "step": 110, "total": 700, "seconds": 1.5026819559861906, "loss": 3.09790176153183, "gradient_norm": 2.6380746364593506, "supervised_tokens": 552, "parents": 16, "lr": 2.6899696048632222e-05}
{"phase": "training_update", "step": 120, "total": 700, "seconds": 1.449135558999842, "loss": 2.621850937604904, "gradient_norm": 2.2626516819000244, "supervised_tokens": 453, "parents": 16, "lr": 2.6443768996960484e-05}
{"phase": "training_update", "step": 130, "total": 700, "seconds": 1.4614471099921502, "loss": 2.887793242931366, "gradient_norm": 4.854632377624512, "supervised_tokens": 499, "parents": 16, "lr": 2.5987841945288753e-05}
{"phase": "training_update", "step": 140, "total": 700, "seconds": 1.5949549770157319, "loss": 3.3821129128336906, "gradient_norm": 3.0076041221618652, "supervised_tokens": 330, "parents": 13, "lr": 2.5531914893617022e-05}
{"phase": "training_update", "step": 150, "total": 700, "seconds": 1.6121282569947653, "loss": 2.7703850865364075, "gradient_norm": 4.288764953613281, "supervised_tokens": 619, "parents": 16, "lr": 2.507598784194529e-05}
{"phase": "training_update", "step": 160, "total": 700, "seconds": 1.4555768850259483, "loss": 2.9591219425201416, "gradient_norm": 3.212451696395874, "supervised_tokens": 742, "parents": 16, "lr": 2.4620060790273556e-05}
{"phase": "training_update", "step": 170, "total": 700, "seconds": 1.4426624519983307, "loss": 2.565238505601883, "gradient_norm": 3.321885824203491, "supervised_tokens": 362, "parents": 16, "lr": 2.4164133738601825e-05}
{"phase": "training_update", "step": 180, "total": 700, "seconds": 1.437120780989062, "loss": 2.922434240579605, "gradient_norm": 3.305694818496704, "supervised_tokens": 571, "parents": 16, "lr": 2.370820668693009e-05}
{"phase": "training_update", "step": 190, "total": 700, "seconds": 1.431498483987525, "loss": 2.7107619643211365, "gradient_norm": 3.41880464553833, "supervised_tokens": 414, "parents": 16, "lr": 2.325227963525836e-05}
{"phase": "training_update", "step": 200, "total": 700, "seconds": 1.436445116007235, "loss": 3.4752622693777084, "gradient_norm": 5.064690589904785, "supervised_tokens": 544, "parents": 16, "lr": 2.279635258358663e-05}
{"phase": "training_update", "step": 210, "total": 700, "seconds": 1.579738214990357, "loss": 2.6524434983730316, "gradient_norm": 3.2578606605529785, "supervised_tokens": 457, "parents": 16, "lr": 2.2340425531914894e-05}
{"phase": "training_update", "step": 220, "total": 700, "seconds": 1.6227526029979344, "loss": 2.812939167022705, "gradient_norm": 2.7865493297576904, "supervised_tokens": 389, "parents": 16, "lr": 2.1884498480243163e-05}
{"phase": "training_update", "step": 230, "total": 700, "seconds": 1.4438542550196871, "loss": 2.661164790391922, "gradient_norm": 3.9194040298461914, "supervised_tokens": 463, "parents": 16, "lr": 2.1428571428571428e-05}
{"phase": "training_update", "step": 240, "total": 700, "seconds": 1.454741087014554, "loss": 2.6716014742851257, "gradient_norm": 2.7177791595458984, "supervised_tokens": 720, "parents": 16, "lr": 2.0972644376899697e-05}
{"phase": "training_update", "step": 250, "total": 700, "seconds": 1.4520610670151655, "loss": 2.2559142112731934, "gradient_norm": 3.3572981357574463, "supervised_tokens": 849, "parents": 16, "lr": 2.0516717325227962e-05}
{"phase": "training_update", "step": 260, "total": 700, "seconds": 1.450210402981611, "loss": 2.219270259141922, "gradient_norm": 2.4252068996429443, "supervised_tokens": 468, "parents": 16, "lr": 2.006079027355623e-05}
{"phase": "training_update", "step": 270, "total": 700, "seconds": 1.4540904969908297, "loss": 2.979056343436241, "gradient_norm": 4.782346248626709, "supervised_tokens": 591, "parents": 16, "lr": 1.96048632218845e-05}
{"phase": "training_update", "step": 280, "total": 700, "seconds": 1.6422275549848564, "loss": 1.8830570727586746, "gradient_norm": 2.7460713386535645, "supervised_tokens": 579, "parents": 13, "lr": 1.914893617021277e-05}
{"phase": "training_update", "step": 290, "total": 700, "seconds": 1.6204210369905923, "loss": 1.699313074350357, "gradient_norm": 3.4802372455596924, "supervised_tokens": 554, "parents": 16, "lr": 1.869300911854103e-05}
{"phase": "training_update", "step": 300, "total": 700, "seconds": 1.4591114910144825, "loss": 2.121480494737625, "gradient_norm": 3.228734254837036, "supervised_tokens": 417, "parents": 16, "lr": 1.82370820668693e-05}
{"phase": "training_update", "step": 310, "total": 700, "seconds": 1.4497641870111693, "loss": 2.5726499408483505, "gradient_norm": 3.2756779193878174, "supervised_tokens": 574, "parents": 16, "lr": 1.778115501519757e-05}
{"phase": "training_update", "step": 320, "total": 700, "seconds": 1.4448595349967945, "loss": 2.335500344634056, "gradient_norm": 2.5810465812683105, "supervised_tokens": 468, "parents": 16, "lr": 1.7325227963525838e-05}
{"phase": "training_update", "step": 330, "total": 700, "seconds": 1.4579025880084373, "loss": 2.2982059717178345, "gradient_norm": 2.72012996673584, "supervised_tokens": 586, "parents": 16, "lr": 1.6869300911854107e-05}
{"phase": "training_update", "step": 340, "total": 700, "seconds": 1.4497537470015232, "loss": 2.3934439420700073, "gradient_norm": 2.753333806991577, "supervised_tokens": 437, "parents": 16, "lr": 1.641337386018237e-05}
{"phase": "training_update", "step": 350, "total": 700, "seconds": 1.6241796699760016, "loss": 2.1733439564704895, "gradient_norm": 3.7620925903320312, "supervised_tokens": 602, "parents": 16, "lr": 1.5957446808510637e-05}
{"phase": "training_update", "step": 360, "total": 700, "seconds": 1.639112210017629, "loss": 1.931793674826622, "gradient_norm": 2.9111809730529785, "supervised_tokens": 595, "parents": 16, "lr": 1.5501519756838906e-05}
{"phase": "training_update", "step": 370, "total": 700, "seconds": 1.4496985230071004, "loss": 2.12027245759964, "gradient_norm": 4.315221309661865, "supervised_tokens": 483, "parents": 16, "lr": 1.5045592705167175e-05}
{"phase": "training_update", "step": 380, "total": 700, "seconds": 1.458449041005224, "loss": 2.9875390827655792, "gradient_norm": 13.655101776123047, "supervised_tokens": 528, "parents": 16, "lr": 1.458966565349544e-05}
{"phase": "training_update", "step": 390, "total": 700, "seconds": 1.4597571709891781, "loss": 2.28975647687912, "gradient_norm": 6.54718017578125, "supervised_tokens": 486, "parents": 16, "lr": 1.4133738601823708e-05}
{"phase": "training_update", "step": 400, "total": 700, "seconds": 1.4563261939911172, "loss": 2.446488916873932, "gradient_norm": 3.2668206691741943, "supervised_tokens": 482, "parents": 16, "lr": 1.3677811550151977e-05}
{"phase": "training_update", "step": 410, "total": 700, "seconds": 1.5429101829940919, "loss": 2.8313847184181213, "gradient_norm": 4.162924766540527, "supervised_tokens": 756, "parents": 16, "lr": 1.3221884498480242e-05}
{"phase": "training_update", "step": 420, "total": 700, "seconds": 1.6401158600056078, "loss": 2.2241165563464165, "gradient_norm": 11.208715438842773, "supervised_tokens": 478, "parents": 13, "lr": 1.2765957446808511e-05}
{"phase": "training_update", "step": 430, "total": 700, "seconds": 1.6240945190074854, "loss": 2.025207206606865, "gradient_norm": 2.2671544551849365, "supervised_tokens": 465, "parents": 16, "lr": 1.2310030395136778e-05}
{"phase": "training_update", "step": 440, "total": 700, "seconds": 1.4447439450013917, "loss": 1.8366056680679321, "gradient_norm": 2.8178956508636475, "supervised_tokens": 572, "parents": 16, "lr": 1.1854103343465045e-05}
{"phase": "training_update", "step": 450, "total": 700, "seconds": 1.4581348880019505, "loss": 1.7540484964847565, "gradient_norm": 3.311549186706543, "supervised_tokens": 471, "parents": 16, "lr": 1.1398176291793314e-05}
{"phase": "training_update", "step": 460, "total": 700, "seconds": 1.4535625700082164, "loss": 1.863631546497345, "gradient_norm": 2.367357015609741, "supervised_tokens": 376, "parents": 16, "lr": 1.0942249240121581e-05}
{"phase": "training_update", "step": 470, "total": 700, "seconds": 1.4654337640095036, "loss": 1.747410774230957, "gradient_norm": 2.3697376251220703, "supervised_tokens": 657, "parents": 16, "lr": 1.0486322188449849e-05}
{"phase": "training_update", "step": 480, "total": 700, "seconds": 1.4505750959797297, "loss": 1.8070017993450165, "gradient_norm": 2.658358573913574, "supervised_tokens": 378, "parents": 16, "lr": 1.0030395136778116e-05}
{"phase": "training_update", "step": 490, "total": 700, "seconds": 1.6183879360032734, "loss": 2.045491263270378, "gradient_norm": 4.1327033042907715, "supervised_tokens": 676, "parents": 16, "lr": 9.574468085106385e-06}
{"phase": "training_update", "step": 500, "total": 700, "seconds": 1.6285009580024052, "loss": 1.7697674036026, "gradient_norm": 3.0840396881103516, "supervised_tokens": 553, "parents": 16, "lr": 9.11854103343465e-06}
{"phase": "training_update", "step": 510, "total": 700, "seconds": 1.4824951159826014, "loss": 1.5966860353946686, "gradient_norm": 2.875401735305786, "supervised_tokens": 537, "parents": 16, "lr": 8.662613981762919e-06}
{"phase": "training_update", "step": 520, "total": 700, "seconds": 1.5070024029992055, "loss": 1.7271881699562073, "gradient_norm": 2.051466703414917, "supervised_tokens": 446, "parents": 16, "lr": 8.206686930091184e-06}
{"phase": "training_update", "step": 530, "total": 700, "seconds": 1.4620035469997674, "loss": 2.649753898382187, "gradient_norm": 4.566866874694824, "supervised_tokens": 661, "parents": 16, "lr": 7.750759878419453e-06}
{"phase": "training_update", "step": 540, "total": 700, "seconds": 1.4592837360105477, "loss": 1.880290150642395, "gradient_norm": 2.534064531326294, "supervised_tokens": 634, "parents": 16, "lr": 7.29483282674772e-06}
{"phase": "training_update", "step": 550, "total": 700, "seconds": 1.4547598310164176, "loss": 1.8373809158802032, "gradient_norm": 2.933570384979248, "supervised_tokens": 410, "parents": 16, "lr": 6.838905775075988e-06}
{"phase": "training_update", "step": 560, "total": 700, "seconds": 1.6284315189986955, "loss": 1.7887326553463936, "gradient_norm": 2.592884063720703, "supervised_tokens": 365, "parents": 13, "lr": 6.3829787234042555e-06}
{"phase": "training_update", "step": 570, "total": 700, "seconds": 1.6153768330113962, "loss": 1.4950466752052307, "gradient_norm": 2.1186251640319824, "supervised_tokens": 413, "parents": 16, "lr": 5.927051671732523e-06}
{"phase": "training_update", "step": 580, "total": 700, "seconds": 1.4543789290182758, "loss": 1.8891960084438324, "gradient_norm": 2.5403122901916504, "supervised_tokens": 738, "parents": 16, "lr": 5.471124620060791e-06}
{"phase": "training_update", "step": 590, "total": 700, "seconds": 1.4610380890080705, "loss": 1.8418314754962921, "gradient_norm": 2.993715524673462, "supervised_tokens": 788, "parents": 16, "lr": 5.015197568389058e-06}
{"phase": "training_update", "step": 600, "total": 700, "seconds": 1.4751434359932318, "loss": 1.7462323606014252, "gradient_norm": 2.5310516357421875, "supervised_tokens": 838, "parents": 16, "lr": 4.559270516717325e-06}
{"phase": "training_update", "step": 610, "total": 700, "seconds": 1.4475367399863899, "loss": 1.81053227186203, "gradient_norm": 3.2616326808929443, "supervised_tokens": 405, "parents": 16, "lr": 4.103343465045592e-06}
{"phase": "training_update", "step": 620, "total": 700, "seconds": 1.455890836979961, "loss": 1.99888876080513, "gradient_norm": 2.37363862991333, "supervised_tokens": 594, "parents": 16, "lr": 3.64741641337386e-06}
{"phase": "training_update", "step": 630, "total": 700, "seconds": 1.7160103780042846, "loss": 1.65892793238163, "gradient_norm": 2.0524628162384033, "supervised_tokens": 675, "parents": 16, "lr": 3.1914893617021277e-06}
{"phase": "training_update", "step": 640, "total": 700, "seconds": 1.6058614350040443, "loss": 1.676290825009346, "gradient_norm": 2.18442440032959, "supervised_tokens": 463, "parents": 16, "lr": 2.7355623100303953e-06}
{"phase": "training_update", "step": 650, "total": 700, "seconds": 1.4435581050056498, "loss": 1.8687323182821274, "gradient_norm": 2.841557264328003, "supervised_tokens": 467, "parents": 16, "lr": 2.2796352583586625e-06}
{"phase": "training_update", "step": 660, "total": 700, "seconds": 1.4423619440058246, "loss": 1.7240447402000427, "gradient_norm": 2.3400657176971436, "supervised_tokens": 546, "parents": 16, "lr": 1.82370820668693e-06}
{"phase": "training_update", "step": 670, "total": 700, "seconds": 1.4636628059961367, "loss": 1.425564244389534, "gradient_norm": 2.466705083847046, "supervised_tokens": 688, "parents": 16, "lr": 1.3677811550151977e-06}
{"phase": "training_update", "step": 680, "total": 700, "seconds": 1.4617454959952738, "loss": 1.5968025028705597, "gradient_norm": 2.0682404041290283, "supervised_tokens": 784, "parents": 16, "lr": 9.11854103343465e-07}
{"phase": "training_update", "step": 690, "total": 700, "seconds": 1.443847428978188, "loss": 1.7249756455421448, "gradient_norm": 2.1867454051971436, "supervised_tokens": 433, "parents": 16, "lr": 4.559270516717325e-07}
{"phase": "training_update", "step": 700, "total": 700, "seconds": 1.601939662010409, "loss": 1.5106878355145454, "gradient_norm": 2.543191432952881, "supervised_tokens": 295, "parents": 13, "lr": 0.0}
[transformers] Both `max_new_tokens` (=5) and `max_length`(=200) seem to have been set. `max_new_tokens` will take precedence. Please refer to the documentation for more information. (https://huggingface.co/docs/transformers/main/en/main_classes/text_generation)

Writing model shards:   0%|          | 0/2 [00:00<?, ?it/s][A
Writing model shards:  50%|█████     | 1/2 [00:02<00:02,  2.83s/it][A
Writing model shards: 100%|██████████| 2/2 [00:04<00:00,  2.26s/it][AWriting model shards: 100%|██████████| 2/2 [00:04<00:00,  2.35s/it]

Loading weights:   0%|          | 0/1013 [00:00<?, ?it/s][ALoading weights: 100%|██████████| 1013/1013 [00:00<00:00, 8700.95it/s]
[transformers] Both `max_new_tokens` (=5) and `max_length`(=200) seem to have been set. `max_new_tokens` will take precedence. Please refer to the documentation for more information. (https://huggingface.co/docs/transformers/main/en/main_classes/text_generation)
[transformers] Both `max_new_tokens` (=512) and `max_length`(=200) seem to have been set. `max_new_tokens` will take precedence. Please refer to the documentation for more information. (https://huggingface.co/docs/transformers/main/en/main_classes/text_generation)
{"phase": "generation_case_recorded", "arm": "trained", "completed": 1, "scheduled": 24, "status": "success", "seconds": 0.3136396720074117}
[transformers] Both `max_new_tokens` (=512) and `max_length`(=200) seem to have been set. `max_new_tokens` will take precedence. Please refer to the documentation for more information. (https://huggingface.co/docs/transformers/main/en/main_classes/text_generation)
{"phase": "generation_case_recorded", "arm": "trained", "completed": 2, "scheduled": 24, "status": "success", "seconds": 0.3086611389881}
[transformers] Both `max_new_tokens` (=512) and `max_length`(=200) seem to have been set. `max_new_tokens` will take precedence. Please refer to the documentation for more information. (https://huggingface.co/docs/transformers/main/en/main_classes/text_generation)
{"phase": "generation_case_recorded", "arm": "trained", "completed": 3, "scheduled": 24, "status": "success", "seconds": 0.46071463098633103}
[transformers] Both `max_new_tokens` (=512) and `max_length`(=200) seem to have been set. `max_new_tokens` will take precedence. Please refer to the documentation for more information. (https://huggingface.co/docs/transformers/main/en/main_classes/text_generation)
{"phase": "generation_case_recorded", "arm": "trained", "completed": 4, "scheduled": 24, "status": "success", "seconds": 0.5405926140083466}
[transformers] Both `max_new_tokens` (=512) and `max_length`(=200) seem to have been set. `max_new_tokens` will take precedence. Please refer to the documentation for more information. (https://huggingface.co/docs/transformers/main/en/main_classes/text_generation)
{"phase": "generation_case_recorded", "arm": "trained", "completed": 5, "scheduled": 24, "status": "success", "seconds": 0.5385089899937157}
[transformers] Both `max_new_tokens` (=512) and `max_length`(=200) seem to have been set. `max_new_tokens` will take precedence. Please refer to the documentation for more information. (https://huggingface.co/docs/transformers/main/en/main_classes/text_generation)
{"phase": "generation_case_recorded", "arm": "trained", "completed": 6, "scheduled": 24, "status": "success", "seconds": 1.8556848570005968}
[transformers] Both `max_new_tokens` (=512) and `max_length`(=200) seem to have been set. `max_new_tokens` will take precedence. Please refer to the documentation for more information. (https://huggingface.co/docs/transformers/main/en/main_classes/text_generation)
{"phase": "generation_case_recorded", "arm": "trained", "completed": 7, "scheduled": 24, "status": "success", "seconds": 0.3638421749928966}
[transformers] Both `max_new_tokens` (=512) and `max_length`(=200) seem to have been set. `max_new_tokens` will take precedence. Please refer to the documentation for more information. (https://huggingface.co/docs/transformers/main/en/main_classes/text_generation)
{"phase": "generation_case_recorded", "arm": "trained", "completed": 8, "scheduled": 24, "status": "success", "seconds": 0.8918905759928748}
[transformers] Both `max_new_tokens` (=512) and `max_length`(=200) seem to have been set. `max_new_tokens` will take precedence. Please refer to the documentation for more information. (https://huggingface.co/docs/transformers/main/en/main_classes/text_generation)
{"phase": "generation_case_recorded", "arm": "trained", "completed": 9, "scheduled": 24, "status": "success", "seconds": 0.8809143269900233}
[transformers] Both `max_new_tokens` (=512) and `max_length`(=200) seem to have been set. `max_new_tokens` will take precedence. Please refer to the documentation for more information. (https://huggingface.co/docs/transformers/main/en/main_classes/text_generation)
{"phase": "generation_case_recorded", "arm": "trained", "completed": 10, "scheduled": 24, "status": "success", "seconds": 1.2908545850077644}
[transformers] Both `max_new_tokens` (=512) and `max_length`(=200) seem to have been set. `max_new_tokens` will take precedence. Please refer to the documentation for more information. (https://huggingface.co/docs/transformers/main/en/main_classes/text_generation)
{"phase": "generation_case_recorded", "arm": "trained", "completed": 11, "scheduled": 24, "status": "success", "seconds": 2.177542535995599}
[transformers] Both `max_new_tokens` (=512) and `max_length`(=200) seem to have been set. `max_new_tokens` will take precedence. Please refer to the documentation for more information. (https://huggingface.co/docs/transformers/main/en/main_classes/text_generation)
{"phase": "generation_case_recorded", "arm": "trained", "completed": 12, "scheduled": 24, "status": "success", "seconds": 3.4227990960062016}
[transformers] Both `max_new_tokens` (=512) and `max_length`(=200) seem to have been set. `max_new_tokens` will take precedence. Please refer to the documentation for more information. (https://huggingface.co/docs/transformers/main/en/main_classes/text_generation)
{"phase": "generation_case_recorded", "arm": "trained", "completed": 13, "scheduled": 24, "status": "success", "seconds": 0.7503113120037597}
[transformers] Both `max_new_tokens` (=512) and `max_length`(=200) seem to have been set. `max_new_tokens` will take precedence. Please refer to the documentation for more information. (https://huggingface.co/docs/transformers/main/en/main_classes/text_generation)
{"phase": "generation_case_recorded", "arm": "trained", "completed": 14, "scheduled": 24, "status": "success", "seconds": 0.8359458660124801}
[transformers] Both `max_new_tokens` (=512) and `max_length`(=200) seem to have been set. `max_new_tokens` will take precedence. Please refer to the documentation for more information. (https://huggingface.co/docs/transformers/main/en/main_classes/text_generation)
{"phase": "generation_case_recorded", "arm": "trained", "completed": 15, "scheduled": 24, "status": "success", "seconds": 1.4873798009939492}
[transformers] Both `max_new_tokens` (=512) and `max_length`(=200) seem to have been set. `max_new_tokens` will take precedence. Please refer to the documentation for more information. (https://huggingface.co/docs/transformers/main/en/main_classes/text_generation)
{"phase": "generation_case_recorded", "arm": "trained", "completed": 16, "scheduled": 24, "status": "success", "seconds": 1.4068035630043596}
[transformers] Both `max_new_tokens` (=512) and `max_length`(=200) seem to have been set. `max_new_tokens` will take precedence. Please refer to the documentation for more information. (https://huggingface.co/docs/transformers/main/en/main_classes/text_generation)
{"phase": "generation_case_recorded", "arm": "trained", "completed": 17, "scheduled": 24, "status": "success", "seconds": 1.8717946550168563}
[transformers] Both `max_new_tokens` (=512) and `max_length`(=200) seem to have been set. `max_new_tokens` will take precedence. Please refer to the documentation for more information. (https://huggingface.co/docs/transformers/main/en/main_classes/text_generation)
{"phase": "generation_case_recorded", "arm": "trained", "completed": 18, "scheduled": 24, "status": "success", "seconds": 3.1320343160186894}
[transformers] Both `max_new_tokens` (=512) and `max_length`(=200) seem to have been set. `max_new_tokens` will take precedence. Please refer to the documentation for more information. (https://huggingface.co/docs/transformers/main/en/main_classes/text_generation)
{"phase": "generation_case_recorded", "arm": "trained", "completed": 19, "scheduled": 24, "status": "success", "seconds": 1.009876387019176}
[transformers] Both `max_new_tokens` (=512) and `max_length`(=200) seem to have been set. `max_new_tokens` will take precedence. Please refer to the documentation for more information. (https://huggingface.co/docs/transformers/main/en/main_classes/text_generation)
{"phase": "generation_case_recorded", "arm": "trained", "completed": 20, "scheduled": 24, "status": "failed", "seconds": 14.013780569017399}
[transformers] Both `max_new_tokens` (=512) and `max_length`(=200) seem to have been set. `max_new_tokens` will take precedence. Please refer to the documentation for more information. (https://huggingface.co/docs/transformers/main/en/main_classes/text_generation)
{"phase": "generation_case_recorded", "arm": "trained", "completed": 21, "scheduled": 24, "status": "success", "seconds": 2.169346350012347}
[transformers] Both `max_new_tokens` (=512) and `max_length`(=200) seem to have been set. `max_new_tokens` will take precedence. Please refer to the documentation for more information. (https://huggingface.co/docs/transformers/main/en/main_classes/text_generation)
{"phase": "generation_case_recorded", "arm": "trained", "completed": 22, "scheduled": 24, "status": "success", "seconds": 3.264344132010592}
[transformers] Both `max_new_tokens` (=512) and `max_length`(=200) seem to have been set. `max_new_tokens` will take precedence. Please refer to the documentation for more information. (https://huggingface.co/docs/transformers/main/en/main_classes/text_generation)
{"phase": "generation_case_recorded", "arm": "trained", "completed": 23, "scheduled": 24, "status": "success", "seconds": 11.166447258001426}
[transformers] Both `max_new_tokens` (=512) and `max_length`(=200) seem to have been set. `max_new_tokens` will take precedence. Please refer to the documentation for more information. (https://huggingface.co/docs/transformers/main/en/main_classes/text_generation)
{"phase": "generation_case_recorded", "arm": "trained", "completed": 24, "scheduled": 24, "status": "success", "seconds": 10.82182353900862}
{"phase": "scientific_run_complete", "status": "completed", "step": 700, "model": "facebook/nllb-200-distilled-1.3B", "revision": "7be3e24664b38ce1cac29b8aeed6911aa0cf0576", "settings": {"seed": 3407, "epochs": 5, "microbatch": 4, "effective_batch": 16, "updates": 700, "lr": 3e-05, "weight_decay": 0.01, "warmup_updates": 42, "max_grad_norm": 1.0, "loss": "sum_target_CE/global_update_nonpadding_tokens", "label_smoothing": 0, "max_new_tokens": 512, "do_sample": false, "num_beams": 1, "forced_bos_token_id": 256053, "suppress_tokens": [256204, 256205], "parameters_dtype": "float32", "autocast_dtype": "bfloat16"}, "train_sha256": "15b13f63b518882fe82697ff27cc1656011f3868a318f910bb9de9e2422925dc", "dev_sha256": "06ac58310bf67767fae4124d8e935c808d15debcd8daebce07b583937cd97182", "runner_sha256": "8a392db05c5a38ad75e7cc767bda05d3dc1218b9d61348d161f64fa757b7708d", "quality_validated": false, "elapsed_seconds": 1287.7165864699928, "completed_parent_exposures": 11185, "baseline_seconds": 83.27343346198904, "gpu_peak_bytes": 28609147904}
