{"phase": "learning_loading_nf4"}

Loading weights:   0%|          | 0/1188 [00:00<?, ?it/s][A
Loading weights:   1%|          | 13/1188 [00:01<01:30, 12.97it/s][A
Loading weights:   6%|▌         | 71/1188 [00:02<00:28, 39.33it/s][A
Loading weights:  11%|█         | 130/1188 [00:03<00:22, 47.54it/s][A
Loading weights:  16%|█▌        | 185/1188 [00:04<00:20, 50.07it/s][A
Loading weights:  20%|██        | 241/1188 [00:05<00:18, 51.35it/s][A
Loading weights:  25%|██▍       | 296/1188 [00:06<00:17, 52.47it/s][A
Loading weights:  30%|██▉       | 352/1188 [00:07<00:15, 53.09it/s][A
Loading weights:  34%|███▍      | 409/1188 [00:08<00:14, 54.12it/s][A
Loading weights:  40%|███▉      | 470/1188 [00:09<00:12, 56.19it/s][A
Loading weights:  44%|████▍     | 528/1188 [00:10<00:11, 56.67it/s][A
Loading weights:  49%|████▉     | 586/1188 [00:11<00:10, 56.61it/s][A
Loading weights:  54%|█████▍    | 644/1188 [00:12<00:09, 56.07it/s][A
Loading weights:  59%|█████▉    | 705/1188 [00:13<00:08, 57.33it/s][A
Loading weights:  64%|██████▍   | 763/1188 [00:14<00:07, 57.43it/s][A
Loading weights:  69%|██████▉   | 823/1188 [00:15<00:06, 57.28it/s][ALoading weights: 100%|██████████| 1188/1188 [00:15<00:00, 74.78it/s]
/usr/local/lib/python3.12/dist-packages/peft/utils/save_and_load.py:300: UserWarning: Could not find a config file in /tmp/pahlavi-continuation-eeafv33l/base - will assume that the vocabulary was not modified.
  warnings.warn(
{"phase": "learning_prefill_passed", "arm": "reference", "status": "passed", "id": "LD-023:reference", "input_tokens": 222, "rendered_input_ids_sha256": "cf86c17fac5912118dbd6ebc617c56ff439e5f679126351eb3afbad490ebbb16", "elapsed_seconds": 0.6620206910010893, "peak_allocated_bytes": 25381493248, "peak_reserved_bytes": 27579645952, "output_generated": false, "experimental_attempts": 0, "deadline_utc": "2026-09-30T18:22:38.755885+00:00"}
{"phase": "learning_prefill_passed", "arm": "candidate", "status": "passed", "id": "LD-023:candidate", "input_tokens": 222, "rendered_input_ids_sha256": "cf86c17fac5912118dbd6ebc617c56ff439e5f679126351eb3afbad490ebbb16", "elapsed_seconds": 0.2360632869967958, "peak_allocated_bytes": 25381493248, "peak_reserved_bytes": 27332182016, "output_generated": false, "experimental_attempts": 0, "deadline_utc": "2026-09-30T18:22:38.755885+00:00"}
{"phase": "learning_case_recorded", "case_id": "LD-001", "arm": "reference", "status": "success", "recorded_outputs": 1}
{"phase": "learning_case_recorded", "case_id": "LD-001", "arm": "candidate", "status": "success", "recorded_outputs": 2}
{"phase": "learning_case_recorded", "case_id": "LD-002", "arm": "candidate", "status": "success", "recorded_outputs": 3}
{"phase": "learning_case_recorded", "case_id": "LD-002", "arm": "reference", "status": "success", "recorded_outputs": 4}
{"phase": "learning_case_recorded", "case_id": "LD-007", "arm": "reference", "status": "success", "recorded_outputs": 5}
{"phase": "learning_case_recorded", "case_id": "LD-007", "arm": "candidate", "status": "success", "recorded_outputs": 6}
{"phase": "learning_case_recorded", "case_id": "LD-008", "arm": "candidate", "status": "success", "recorded_outputs": 7}
{"phase": "learning_case_recorded", "case_id": "LD-008", "arm": "reference", "status": "success", "recorded_outputs": 8}
{"phase": "learning_case_recorded", "case_id": "LD-011", "arm": "reference", "status": "success", "recorded_outputs": 9}
{"phase": "learning_case_recorded", "case_id": "LD-011", "arm": "candidate", "status": "success", "recorded_outputs": 10}
{"phase": "learning_case_recorded", "case_id": "LD-012", "arm": "candidate", "status": "success", "recorded_outputs": 11}
{"phase": "learning_case_recorded", "case_id": "LD-012", "arm": "reference", "status": "success", "recorded_outputs": 12}
{"phase": "learning_case_recorded", "case_id": "LD-013", "arm": "reference", "status": "success", "recorded_outputs": 13}
{"phase": "learning_case_recorded", "case_id": "LD-013", "arm": "candidate", "status": "success", "recorded_outputs": 14}
{"phase": "learning_case_recorded", "case_id": "LD-014", "arm": "candidate", "status": "success", "recorded_outputs": 15}
{"phase": "learning_case_recorded", "case_id": "LD-014", "arm": "reference", "status": "success", "recorded_outputs": 16}
{"phase": "learning_case_recorded", "case_id": "LD-025", "arm": "reference", "status": "success", "recorded_outputs": 17}
{"phase": "learning_case_recorded", "case_id": "LD-025", "arm": "candidate", "status": "success", "recorded_outputs": 18}
{"phase": "learning_case_recorded", "case_id": "LD-026", "arm": "candidate", "status": "success", "recorded_outputs": 19}
{"phase": "learning_case_recorded", "case_id": "LD-026", "arm": "reference", "status": "success", "recorded_outputs": 20}
{"phase": "learning_case_recorded", "case_id": "LD-003", "arm": "reference", "status": "success", "recorded_outputs": 21}
{"phase": "learning_case_recorded", "case_id": "LD-003", "arm": "candidate", "status": "success", "recorded_outputs": 22}
{"phase": "learning_case_recorded", "case_id": "LD-004", "arm": "candidate", "status": "success", "recorded_outputs": 23}
{"phase": "learning_case_recorded", "case_id": "LD-004", "arm": "reference", "status": "success", "recorded_outputs": 24}
{"phase": "learning_case_recorded", "case_id": "LD-009", "arm": "reference", "status": "success", "recorded_outputs": 25}
{"phase": "learning_case_recorded", "case_id": "LD-009", "arm": "candidate", "status": "success", "recorded_outputs": 26}
{"phase": "learning_case_recorded", "case_id": "LD-010", "arm": "candidate", "status": "success", "recorded_outputs": 27}
{"phase": "learning_case_recorded", "case_id": "LD-010", "arm": "reference", "status": "success", "recorded_outputs": 28}
{"phase": "learning_case_recorded", "case_id": "LD-015", "arm": "reference", "status": "success", "recorded_outputs": 29}
{"phase": "learning_case_recorded", "case_id": "LD-015", "arm": "candidate", "status": "success", "recorded_outputs": 30}
{"phase": "learning_case_recorded", "case_id": "LD-016", "arm": "candidate", "status": "success", "recorded_outputs": 31}
{"phase": "learning_case_recorded", "case_id": "LD-016", "arm": "reference", "status": "success", "recorded_outputs": 32}
{"phase": "learning_case_recorded", "case_id": "LD-027", "arm": "reference", "status": "success", "recorded_outputs": 33}
{"phase": "learning_case_recorded", "case_id": "LD-027", "arm": "candidate", "status": "success", "recorded_outputs": 34}
{"phase": "learning_case_recorded", "case_id": "LD-028", "arm": "candidate", "status": "success", "recorded_outputs": 35}
{"phase": "learning_case_recorded", "case_id": "LD-028", "arm": "reference", "status": "success", "recorded_outputs": 36}
{"phase": "learning_case_recorded", "case_id": "LD-005", "arm": "reference", "status": "success", "recorded_outputs": 37}
{"phase": "learning_case_recorded", "case_id": "LD-005", "arm": "candidate", "status": "success", "recorded_outputs": 38}
{"phase": "learning_case_recorded", "case_id": "LD-006", "arm": "candidate", "status": "success", "recorded_outputs": 39}
{"phase": "learning_case_recorded", "case_id": "LD-006", "arm": "reference", "status": "success", "recorded_outputs": 40}
{"phase": "learning_case_recorded", "case_id": "LD-017", "arm": "reference", "status": "success", "recorded_outputs": 41}
{"phase": "learning_case_recorded", "case_id": "LD-017", "arm": "candidate", "status": "success", "recorded_outputs": 42}
{"phase": "learning_case_recorded", "case_id": "LD-018", "arm": "candidate", "status": "success", "recorded_outputs": 43}
{"phase": "learning_case_recorded", "case_id": "LD-018", "arm": "reference", "status": "success", "recorded_outputs": 44}
{"phase": "learning_case_recorded", "case_id": "LD-019", "arm": "reference", "status": "success", "recorded_outputs": 45}
{"phase": "learning_case_recorded", "case_id": "LD-019", "arm": "candidate", "status": "success", "recorded_outputs": 46}
{"phase": "learning_case_recorded", "case_id": "LD-020", "arm": "candidate", "status": "success", "recorded_outputs": 47}
{"phase": "learning_case_recorded", "case_id": "LD-020", "arm": "reference", "status": "success", "recorded_outputs": 48}
{"phase": "learning_case_recorded", "case_id": "LD-021", "arm": "reference", "status": "success", "recorded_outputs": 49}
{"phase": "learning_case_recorded", "case_id": "LD-021", "arm": "candidate", "status": "success", "recorded_outputs": 50}
{"phase": "learning_case_recorded", "case_id": "LD-022", "arm": "candidate", "status": "success", "recorded_outputs": 51}
{"phase": "learning_case_recorded", "case_id": "LD-022", "arm": "reference", "status": "success", "recorded_outputs": 52}
{"phase": "learning_case_recorded", "case_id": "LD-023", "arm": "reference", "status": "success", "recorded_outputs": 53}
{"phase": "learning_case_recorded", "case_id": "LD-023", "arm": "candidate", "status": "success", "recorded_outputs": 54}
{"phase": "learning_case_recorded", "case_id": "LD-024", "arm": "candidate", "status": "success", "recorded_outputs": 55}
{"phase": "learning_case_recorded", "case_id": "LD-024", "arm": "reference", "status": "success", "recorded_outputs": 56}
