
Loading weights:   0%|          | 0/1013 [00:00<?, ?it/s][ALoading weights: 100%|██████████| 1013/1013 [00:00<00:00, 8602.16it/s]
{"phase": "seen_call_recorded", "sequence": 1, "id": "TRAINRECALL1-001:correct", "kind": "likelihood", "case_id": "TRAINRECALL1-001", "condition": "correct", "source_parent_id": "TRAINRECALL1-001", "status": "success", "seconds": 0.052276898000855}
{"phase": "seen_call_recorded", "sequence": 2, "id": "TRAINRECALL1-001:mismatched", "kind": "likelihood", "case_id": "TRAINRECALL1-001", "condition": "mismatched", "source_parent_id": "TRAINRECALL1-006", "status": "success", "seconds": 0.07012269800179638}
{"phase": "seen_call_recorded", "sequence": 3, "id": "TRAINRECALL1-002:mismatched", "kind": "likelihood", "case_id": "TRAINRECALL1-002", "condition": "mismatched", "source_parent_id": "TRAINRECALL1-007", "status": "success", "seconds": 0.05066136899404228}
{"phase": "seen_call_recorded", "sequence": 4, "id": "TRAINRECALL1-002:correct", "kind": "likelihood", "case_id": "TRAINRECALL1-002", "condition": "correct", "source_parent_id": "TRAINRECALL1-002", "status": "success", "seconds": 0.04938808601582423}
{"phase": "seen_call_recorded", "sequence": 5, "id": "TRAINRECALL1-003:correct", "kind": "likelihood", "case_id": "TRAINRECALL1-003", "condition": "correct", "source_parent_id": "TRAINRECALL1-003", "status": "success", "seconds": 0.04984944898751564}
{"phase": "seen_call_recorded", "sequence": 6, "id": "TRAINRECALL1-003:mismatched", "kind": "likelihood", "case_id": "TRAINRECALL1-003", "condition": "mismatched", "source_parent_id": "TRAINRECALL1-008", "status": "success", "seconds": 0.05176455999026075}
{"phase": "seen_call_recorded", "sequence": 7, "id": "TRAINRECALL1-004:mismatched", "kind": "likelihood", "case_id": "TRAINRECALL1-004", "condition": "mismatched", "source_parent_id": "TRAINRECALL1-009", "status": "success", "seconds": 0.05027446200256236}
{"phase": "seen_call_recorded", "sequence": 8, "id": "TRAINRECALL1-004:correct", "kind": "likelihood", "case_id": "TRAINRECALL1-004", "condition": "correct", "source_parent_id": "TRAINRECALL1-004", "status": "success", "seconds": 0.04996540199499577}
{"phase": "seen_call_recorded", "sequence": 9, "id": "TRAINRECALL1-005:correct", "kind": "likelihood", "case_id": "TRAINRECALL1-005", "condition": "correct", "source_parent_id": "TRAINRECALL1-005", "status": "success", "seconds": 0.049673722009174526}
{"phase": "seen_call_recorded", "sequence": 10, "id": "TRAINRECALL1-005:mismatched", "kind": "likelihood", "case_id": "TRAINRECALL1-005", "condition": "mismatched", "source_parent_id": "TRAINRECALL1-010", "status": "success", "seconds": 0.05017416400369257}
{"phase": "seen_call_recorded", "sequence": 11, "id": "TRAINRECALL1-006:mismatched", "kind": "likelihood", "case_id": "TRAINRECALL1-006", "condition": "mismatched", "source_parent_id": "TRAINRECALL1-011", "status": "success", "seconds": 0.051372260990319774}
{"phase": "seen_call_recorded", "sequence": 12, "id": "TRAINRECALL1-006:correct", "kind": "likelihood", "case_id": "TRAINRECALL1-006", "condition": "correct", "source_parent_id": "TRAINRECALL1-006", "status": "success", "seconds": 0.051527122996049}
{"phase": "seen_call_recorded", "sequence": 13, "id": "TRAINRECALL1-007:correct", "kind": "likelihood", "case_id": "TRAINRECALL1-007", "condition": "correct", "source_parent_id": "TRAINRECALL1-007", "status": "success", "seconds": 0.049886784981936216}
{"phase": "seen_call_recorded", "sequence": 14, "id": "TRAINRECALL1-007:mismatched", "kind": "likelihood", "case_id": "TRAINRECALL1-007", "condition": "mismatched", "source_parent_id": "TRAINRECALL1-012", "status": "success", "seconds": 0.05079425498843193}
{"phase": "seen_call_recorded", "sequence": 15, "id": "TRAINRECALL1-008:mismatched", "kind": "likelihood", "case_id": "TRAINRECALL1-008", "condition": "mismatched", "source_parent_id": "TRAINRECALL1-013", "status": "success", "seconds": 0.05172723697614856}
{"phase": "seen_call_recorded", "sequence": 16, "id": "TRAINRECALL1-008:correct", "kind": "likelihood", "case_id": "TRAINRECALL1-008", "condition": "correct", "source_parent_id": "TRAINRECALL1-008", "status": "success", "seconds": 0.05196192499715835}
{"phase": "seen_call_recorded", "sequence": 17, "id": "TRAINRECALL1-009:correct", "kind": "likelihood", "case_id": "TRAINRECALL1-009", "condition": "correct", "source_parent_id": "TRAINRECALL1-009", "status": "success", "seconds": 0.050862528005382046}
{"phase": "seen_call_recorded", "sequence": 18, "id": "TRAINRECALL1-009:mismatched", "kind": "likelihood", "case_id": "TRAINRECALL1-009", "condition": "mismatched", "source_parent_id": "TRAINRECALL1-014", "status": "success", "seconds": 0.05048949000774883}
{"phase": "seen_call_recorded", "sequence": 19, "id": "TRAINRECALL1-010:mismatched", "kind": "likelihood", "case_id": "TRAINRECALL1-010", "condition": "mismatched", "source_parent_id": "TRAINRECALL1-015", "status": "success", "seconds": 0.05102863101637922}
{"phase": "seen_call_recorded", "sequence": 20, "id": "TRAINRECALL1-010:correct", "kind": "likelihood", "case_id": "TRAINRECALL1-010", "condition": "correct", "source_parent_id": "TRAINRECALL1-010", "status": "success", "seconds": 0.050334072002442554}
{"phase": "seen_call_recorded", "sequence": 21, "id": "TRAINRECALL1-011:correct", "kind": "likelihood", "case_id": "TRAINRECALL1-011", "condition": "correct", "source_parent_id": "TRAINRECALL1-011", "status": "success", "seconds": 0.05232882298878394}
{"phase": "seen_call_recorded", "sequence": 22, "id": "TRAINRECALL1-011:mismatched", "kind": "likelihood", "case_id": "TRAINRECALL1-011", "condition": "mismatched", "source_parent_id": "TRAINRECALL1-016", "status": "success", "seconds": 0.051787609001621604}
{"phase": "seen_call_recorded", "sequence": 23, "id": "TRAINRECALL1-012:mismatched", "kind": "likelihood", "case_id": "TRAINRECALL1-012", "condition": "mismatched", "source_parent_id": "TRAINRECALL1-017", "status": "success", "seconds": 0.051285361987538636}
{"phase": "seen_call_recorded", "sequence": 24, "id": "TRAINRECALL1-012:correct", "kind": "likelihood", "case_id": "TRAINRECALL1-012", "condition": "correct", "source_parent_id": "TRAINRECALL1-012", "status": "success", "seconds": 0.052110027987509966}
{"phase": "seen_call_recorded", "sequence": 25, "id": "TRAINRECALL1-013:correct", "kind": "likelihood", "case_id": "TRAINRECALL1-013", "condition": "correct", "source_parent_id": "TRAINRECALL1-013", "status": "success", "seconds": 0.05342937700334005}
{"phase": "seen_call_recorded", "sequence": 26, "id": "TRAINRECALL1-013:mismatched", "kind": "likelihood", "case_id": "TRAINRECALL1-013", "condition": "mismatched", "source_parent_id": "TRAINRECALL1-018", "status": "success", "seconds": 0.0530944170022849}
{"phase": "seen_call_recorded", "sequence": 27, "id": "TRAINRECALL1-014:mismatched", "kind": "likelihood", "case_id": "TRAINRECALL1-014", "condition": "mismatched", "source_parent_id": "TRAINRECALL1-019", "status": "success", "seconds": 0.05114172300091013}
{"phase": "seen_call_recorded", "sequence": 28, "id": "TRAINRECALL1-014:correct", "kind": "likelihood", "case_id": "TRAINRECALL1-014", "condition": "correct", "source_parent_id": "TRAINRECALL1-014", "status": "success", "seconds": 0.049894710013177246}
{"phase": "seen_call_recorded", "sequence": 29, "id": "TRAINRECALL1-015:correct", "kind": "likelihood", "case_id": "TRAINRECALL1-015", "condition": "correct", "source_parent_id": "TRAINRECALL1-015", "status": "success", "seconds": 0.05088356201304123}
{"phase": "seen_call_recorded", "sequence": 30, "id": "TRAINRECALL1-015:mismatched", "kind": "likelihood", "case_id": "TRAINRECALL1-015", "condition": "mismatched", "source_parent_id": "TRAINRECALL1-020", "status": "success", "seconds": 0.050426198984496295}
{"phase": "seen_call_recorded", "sequence": 31, "id": "TRAINRECALL1-016:mismatched", "kind": "likelihood", "case_id": "TRAINRECALL1-016", "condition": "mismatched", "source_parent_id": "TRAINRECALL1-001", "status": "success", "seconds": 0.05054895201465115}
{"phase": "seen_call_recorded", "sequence": 32, "id": "TRAINRECALL1-016:correct", "kind": "likelihood", "case_id": "TRAINRECALL1-016", "condition": "correct", "source_parent_id": "TRAINRECALL1-016", "status": "success", "seconds": 0.04986773000564426}
{"phase": "seen_call_recorded", "sequence": 33, "id": "TRAINRECALL1-017:correct", "kind": "likelihood", "case_id": "TRAINRECALL1-017", "condition": "correct", "source_parent_id": "TRAINRECALL1-017", "status": "success", "seconds": 0.05075422799563967}
{"phase": "seen_call_recorded", "sequence": 34, "id": "TRAINRECALL1-017:mismatched", "kind": "likelihood", "case_id": "TRAINRECALL1-017", "condition": "mismatched", "source_parent_id": "TRAINRECALL1-002", "status": "success", "seconds": 0.05003734599449672}
{"phase": "seen_call_recorded", "sequence": 35, "id": "TRAINRECALL1-018:mismatched", "kind": "likelihood", "case_id": "TRAINRECALL1-018", "condition": "mismatched", "source_parent_id": "TRAINRECALL1-003", "status": "success", "seconds": 0.04933852099929936}
{"phase": "seen_call_recorded", "sequence": 36, "id": "TRAINRECALL1-018:correct", "kind": "likelihood", "case_id": "TRAINRECALL1-018", "condition": "correct", "source_parent_id": "TRAINRECALL1-018", "status": "success", "seconds": 0.049021729006199166}
{"phase": "seen_call_recorded", "sequence": 37, "id": "TRAINRECALL1-019:correct", "kind": "likelihood", "case_id": "TRAINRECALL1-019", "condition": "correct", "source_parent_id": "TRAINRECALL1-019", "status": "success", "seconds": 0.05089492999832146}
{"phase": "seen_call_recorded", "sequence": 38, "id": "TRAINRECALL1-019:mismatched", "kind": "likelihood", "case_id": "TRAINRECALL1-019", "condition": "mismatched", "source_parent_id": "TRAINRECALL1-004", "status": "success", "seconds": 0.04956828599097207}
{"phase": "seen_call_recorded", "sequence": 39, "id": "TRAINRECALL1-020:mismatched", "kind": "likelihood", "case_id": "TRAINRECALL1-020", "condition": "mismatched", "source_parent_id": "TRAINRECALL1-005", "status": "success", "seconds": 0.04937480899388902}
{"phase": "seen_call_recorded", "sequence": 40, "id": "TRAINRECALL1-020:correct", "kind": "likelihood", "case_id": "TRAINRECALL1-020", "condition": "correct", "source_parent_id": "TRAINRECALL1-020", "status": "success", "seconds": 0.049040341982617974}
[transformers] Both `max_new_tokens` (=512) and `max_length`(=200) seem to have been set. `max_new_tokens` will take precedence. Please refer to the documentation for more information. (https://huggingface.co/docs/transformers/main/en/main_classes/text_generation)
{"phase": "seen_call_recorded", "sequence": 41, "id": "TRAINRECALL1-001:trained", "kind": "generation", "case_id": "TRAINRECALL1-001", "source_parent_id": "TRAINRECALL1-001", "status": "success", "seconds": 3.0970624040055554}
[transformers] Both `max_new_tokens` (=512) and `max_length`(=200) seem to have been set. `max_new_tokens` will take precedence. Please refer to the documentation for more information. (https://huggingface.co/docs/transformers/main/en/main_classes/text_generation)
{"phase": "seen_call_recorded", "sequence": 42, "id": "TRAINRECALL1-002:trained", "kind": "generation", "case_id": "TRAINRECALL1-002", "source_parent_id": "TRAINRECALL1-002", "status": "success", "seconds": 0.3793191719742026}
[transformers] Both `max_new_tokens` (=512) and `max_length`(=200) seem to have been set. `max_new_tokens` will take precedence. Please refer to the documentation for more information. (https://huggingface.co/docs/transformers/main/en/main_classes/text_generation)
{"phase": "seen_call_recorded", "sequence": 43, "id": "TRAINRECALL1-003:trained", "kind": "generation", "case_id": "TRAINRECALL1-003", "source_parent_id": "TRAINRECALL1-003", "status": "success", "seconds": 0.2788229300058447}
[transformers] Both `max_new_tokens` (=512) and `max_length`(=200) seem to have been set. `max_new_tokens` will take precedence. Please refer to the documentation for more information. (https://huggingface.co/docs/transformers/main/en/main_classes/text_generation)
{"phase": "seen_call_recorded", "sequence": 44, "id": "TRAINRECALL1-004:trained", "kind": "generation", "case_id": "TRAINRECALL1-004", "source_parent_id": "TRAINRECALL1-004", "status": "success", "seconds": 0.3302922739821952}
[transformers] Both `max_new_tokens` (=512) and `max_length`(=200) seem to have been set. `max_new_tokens` will take precedence. Please refer to the documentation for more information. (https://huggingface.co/docs/transformers/main/en/main_classes/text_generation)
{"phase": "seen_call_recorded", "sequence": 45, "id": "TRAINRECALL1-005:trained", "kind": "generation", "case_id": "TRAINRECALL1-005", "source_parent_id": "TRAINRECALL1-005", "status": "success", "seconds": 0.3322599499952048}
[transformers] Both `max_new_tokens` (=512) and `max_length`(=200) seem to have been set. `max_new_tokens` will take precedence. Please refer to the documentation for more information. (https://huggingface.co/docs/transformers/main/en/main_classes/text_generation)
{"phase": "seen_call_recorded", "sequence": 46, "id": "TRAINRECALL1-006:trained", "kind": "generation", "case_id": "TRAINRECALL1-006", "source_parent_id": "TRAINRECALL1-006", "status": "success", "seconds": 0.4379532739985734}
[transformers] Both `max_new_tokens` (=512) and `max_length`(=200) seem to have been set. `max_new_tokens` will take precedence. Please refer to the documentation for more information. (https://huggingface.co/docs/transformers/main/en/main_classes/text_generation)
{"phase": "seen_call_recorded", "sequence": 47, "id": "TRAINRECALL1-007:trained", "kind": "generation", "case_id": "TRAINRECALL1-007", "source_parent_id": "TRAINRECALL1-007", "status": "success", "seconds": 0.27974223700584844}
[transformers] Both `max_new_tokens` (=512) and `max_length`(=200) seem to have been set. `max_new_tokens` will take precedence. Please refer to the documentation for more information. (https://huggingface.co/docs/transformers/main/en/main_classes/text_generation)
{"phase": "seen_call_recorded", "sequence": 48, "id": "TRAINRECALL1-008:trained", "kind": "generation", "case_id": "TRAINRECALL1-008", "source_parent_id": "TRAINRECALL1-008", "status": "success", "seconds": 0.5875603480089922}
[transformers] Both `max_new_tokens` (=512) and `max_length`(=200) seem to have been set. `max_new_tokens` will take precedence. Please refer to the documentation for more information. (https://huggingface.co/docs/transformers/main/en/main_classes/text_generation)
{"phase": "seen_call_recorded", "sequence": 49, "id": "TRAINRECALL1-009:trained", "kind": "generation", "case_id": "TRAINRECALL1-009", "source_parent_id": "TRAINRECALL1-009", "status": "success", "seconds": 1.297737404005602}
[transformers] Both `max_new_tokens` (=512) and `max_length`(=200) seem to have been set. `max_new_tokens` will take precedence. Please refer to the documentation for more information. (https://huggingface.co/docs/transformers/main/en/main_classes/text_generation)
{"phase": "seen_call_recorded", "sequence": 50, "id": "TRAINRECALL1-010:trained", "kind": "generation", "case_id": "TRAINRECALL1-010", "source_parent_id": "TRAINRECALL1-010", "status": "success", "seconds": 0.8938051690056454}
[transformers] Both `max_new_tokens` (=512) and `max_length`(=200) seem to have been set. `max_new_tokens` will take precedence. Please refer to the documentation for more information. (https://huggingface.co/docs/transformers/main/en/main_classes/text_generation)
{"phase": "seen_call_recorded", "sequence": 51, "id": "TRAINRECALL1-011:trained", "kind": "generation", "case_id": "TRAINRECALL1-011", "source_parent_id": "TRAINRECALL1-011", "status": "success", "seconds": 0.9833325140061788}
[transformers] Both `max_new_tokens` (=512) and `max_length`(=200) seem to have been set. `max_new_tokens` will take precedence. Please refer to the documentation for more information. (https://huggingface.co/docs/transformers/main/en/main_classes/text_generation)
{"phase": "seen_call_recorded", "sequence": 52, "id": "TRAINRECALL1-012:trained", "kind": "generation", "case_id": "TRAINRECALL1-012", "source_parent_id": "TRAINRECALL1-012", "status": "success", "seconds": 0.5613920589967165}
[transformers] Both `max_new_tokens` (=512) and `max_length`(=200) seem to have been set. `max_new_tokens` will take precedence. Please refer to the documentation for more information. (https://huggingface.co/docs/transformers/main/en/main_classes/text_generation)
{"phase": "seen_call_recorded", "sequence": 53, "id": "TRAINRECALL1-013:trained", "kind": "generation", "case_id": "TRAINRECALL1-013", "source_parent_id": "TRAINRECALL1-013", "status": "success", "seconds": 3.365977558976738}
[transformers] Both `max_new_tokens` (=512) and `max_length`(=200) seem to have been set. `max_new_tokens` will take precedence. Please refer to the documentation for more information. (https://huggingface.co/docs/transformers/main/en/main_classes/text_generation)
{"phase": "seen_call_recorded", "sequence": 54, "id": "TRAINRECALL1-014:trained", "kind": "generation", "case_id": "TRAINRECALL1-014", "source_parent_id": "TRAINRECALL1-014", "status": "success", "seconds": 0.203368741000304}
[transformers] Both `max_new_tokens` (=512) and `max_length`(=200) seem to have been set. `max_new_tokens` will take precedence. Please refer to the documentation for more information. (https://huggingface.co/docs/transformers/main/en/main_classes/text_generation)
{"phase": "seen_call_recorded", "sequence": 55, "id": "TRAINRECALL1-015:trained", "kind": "generation", "case_id": "TRAINRECALL1-015", "source_parent_id": "TRAINRECALL1-015", "status": "success", "seconds": 2.547241688997019}
[transformers] Both `max_new_tokens` (=512) and `max_length`(=200) seem to have been set. `max_new_tokens` will take precedence. Please refer to the documentation for more information. (https://huggingface.co/docs/transformers/main/en/main_classes/text_generation)
{"phase": "seen_call_recorded", "sequence": 56, "id": "TRAINRECALL1-016:trained", "kind": "generation", "case_id": "TRAINRECALL1-016", "source_parent_id": "TRAINRECALL1-016", "status": "success", "seconds": 1.4900799710012507}
[transformers] Both `max_new_tokens` (=512) and `max_length`(=200) seem to have been set. `max_new_tokens` will take precedence. Please refer to the documentation for more information. (https://huggingface.co/docs/transformers/main/en/main_classes/text_generation)
{"phase": "seen_call_recorded", "sequence": 57, "id": "TRAINRECALL1-017:trained", "kind": "generation", "case_id": "TRAINRECALL1-017", "source_parent_id": "TRAINRECALL1-017", "status": "success", "seconds": 0.7971315080067143}
[transformers] Both `max_new_tokens` (=512) and `max_length`(=200) seem to have been set. `max_new_tokens` will take precedence. Please refer to the documentation for more information. (https://huggingface.co/docs/transformers/main/en/main_classes/text_generation)
{"phase": "seen_call_recorded", "sequence": 58, "id": "TRAINRECALL1-018:trained", "kind": "generation", "case_id": "TRAINRECALL1-018", "source_parent_id": "TRAINRECALL1-018", "status": "success", "seconds": 0.9481630609952845}
[transformers] Both `max_new_tokens` (=512) and `max_length`(=200) seem to have been set. `max_new_tokens` will take precedence. Please refer to the documentation for more information. (https://huggingface.co/docs/transformers/main/en/main_classes/text_generation)
{"phase": "seen_call_recorded", "sequence": 59, "id": "TRAINRECALL1-019:trained", "kind": "generation", "case_id": "TRAINRECALL1-019", "source_parent_id": "TRAINRECALL1-019", "status": "success", "seconds": 0.6869650660082698}
[transformers] Both `max_new_tokens` (=512) and `max_length`(=200) seem to have been set. `max_new_tokens` will take precedence. Please refer to the documentation for more information. (https://huggingface.co/docs/transformers/main/en/main_classes/text_generation)
{"phase": "seen_call_recorded", "sequence": 60, "id": "TRAINRECALL1-020:trained", "kind": "generation", "case_id": "TRAINRECALL1-020", "source_parent_id": "TRAINRECALL1-020", "status": "success", "seconds": 1.0753360479720868}
