{"stage": "artifact_closed", "utc": "2026-10-01T15:52:02.580248+00:00", "path": "result.json", "bytes": 755, "sha256": "7f7149420e6a8690c59993d827321caba413cfb2d7d2a7eaed852a8d97fd046e"}
{"stage": "artifact_closed", "utc": "2026-10-01T15:52:02.580753+00:00", "path": "run.json", "bytes": 4410, "sha256": "9f9cde6b2e7e14ebc4213de7179dc9aa1bb21cdbe3f700facb025cdca9243ce2"}
{"stage": "component_snapshot_closed", "utc": "2026-10-01T15:52:02.581406+00:00", "name": "attempt-11-done", "manifest_sha256": "7f62315b1a0268815636ff3e9b37db17898f900eef516a98239361bdaa4f258e", "remote_inventory_verified": false}
{"stage": "component_output_finished", "utc": "2026-10-01T15:52:02.581434+00:00", "id": "ZAND301-B", "status": "success", "recorded_outputs": 11, "scheduled_outputs": 12, "elapsed_seconds": 1.5192993190139532}
{"stage": "artifact_closed", "utc": "2026-10-01T15:52:02.582454+00:00", "path": "run.json", "bytes": 3482, "sha256": "38894b463980cd8831b892c4c31767ff86f00ed3e7a5d8ed8885555fb6068dfb"}
{"stage": "component_snapshot_closed", "utc": "2026-10-01T15:52:02.582944+00:00", "name": "attempt-12-start", "manifest_sha256": "2542aa9d6946bf6b835601d7b842c6ec7f9aa56479a1919b8af6677a418af940", "remote_inventory_verified": false}
{"stage": "artifact_closed", "utc": "2026-10-01T15:52:03.460655+00:00", "path": "result.json", "bytes": 733, "sha256": "3a9948247740b0b1c4024918a9adde7a850699845761ffb589016e36e2d7ffe3"}
{"stage": "artifact_closed", "utc": "2026-10-01T15:52:03.461134+00:00", "path": "run.json", "bytes": 4348, "sha256": "d0c16902559a2057255416dab4e5e5d579cccf3efb13dbb348309f3ee0eb9a13"}
{"stage": "component_snapshot_closed", "utc": "2026-10-01T15:52:03.461782+00:00", "name": "attempt-12-done", "manifest_sha256": "c7aabe6ae7f610bc2c5f476b3565dd86ac3367e8b886bca52f3828b510e45c6a", "remote_inventory_verified": false}
{"stage": "component_output_finished", "utc": "2026-10-01T15:52:03.461810+00:00", "id": "ZAND301-A", "status": "success", "recorded_outputs": 12, "scheduled_outputs": 12, "elapsed_seconds": 0.8754641290288419}
{"stage": "artifact_closed", "utc": "2026-10-01T15:52:05.269657+00:00", "path": "base-download.log", "bytes": 8679, "sha256": "b9dc373b1c45909b3bf523fd0b4f23c5e3203cb3ffc080ad4cc851191fdc5d8f"}
{"stage": "artifact_closed", "utc": "2026-10-01T15:52:05.270192+00:00", "path": "base-provenance.json", "bytes": 2322, "sha256": "faa80192709b8a18653acf5dacd1e7be920c49f2c8911aad72074eb15a55d472"}
{"stage": "artifact_closed", "utc": "2026-10-01T15:52:05.270664+00:00", "path": "bundle-manifest.json", "bytes": 1825, "sha256": "fc62c9138d926139dc1fa4e6b943f06a653aa8cb438ce5963628c24b77f853cd"}
{"stage": "artifact_closed", "utc": "2026-10-01T15:52:05.271126+00:00", "path": "driver.log", "bytes": 17540, "sha256": "29c6ce574ef4281d9c308becec3d10bbcb46e0aff3cf180750b58b590a476cae"}
{"stage": "artifact_closed", "utc": "2026-10-01T15:52:05.271614+00:00", "path": "evaluation/predictions.jsonl", "bytes": 10187, "sha256": "5602f0cdc24bf4d407a136e50df725981352dfa642dd0145fdcc2d0124b5a8a9"}
{"stage": "artifact_closed", "utc": "2026-10-01T15:52:05.272053+00:00", "path": "evaluation/run.json", "bytes": 4395, "sha256": "5457d697ea3ed45c66c797cb3926dbeb844a998553c34f43298b39d2ca21a168"}
{"stage": "artifact_closed", "utc": "2026-10-01T15:52:05.272619+00:00", "path": "evaluation/snapshots/attempt-01-done/result.json", "bytes": 757, "sha256": "a24d56debf389558520bc3fcfae250508c6493c5a41fe9695517e90031ebbc94"}
{"stage": "artifact_closed", "utc": "2026-10-01T15:52:05.273027+00:00", "path": "evaluation/snapshots/attempt-01-done/run.json", "bytes": 4568, "sha256": "58e1d406a292de0e71e29bb0befef8c1cf24d615c75b4f70c162d8b5771af789"}
{"stage": "artifact_closed", "utc": "2026-10-01T15:52:05.273457+00:00", "path": "evaluation/snapshots/attempt-01-start/run.json", "bytes": 3659, "sha256": "eab31cf9983deb6ccaec373aad871a74d0ff1db6c568006d7523eb0dc041c5c3"}
{"stage": "artifact_closed", "utc": "2026-10-01T15:52:05.273859+00:00", "path": "evaluation/snapshots/attempt-02-done/result.json", "bytes": 759, "sha256": "55ab8862d151be1d6afac08121e8fe88589f769906501295ce75b923e0a89384"}
{"stage": "artifact_closed", "utc": "2026-10-01T15:52:05.274259+00:00", "path": "evaluation/snapshots/attempt-02-done/run.json", "bytes": 4551, "sha256": "93b368729b907ea5dafa3a3b205fa34b85bd979c9d263269f0de03a87f7aebfc"}
{"stage": "artifact_closed", "utc": "2026-10-01T15:52:05.274670+00:00", "path": "evaluation/snapshots/attempt-02-start/run.json", "bytes": 3640, "sha256": "61c9fe1cf922078e6ad85e538c4ca68ec8abbe975dbd6498c95ce94b667ae4f4"}
{"stage": "artifact_closed", "utc": "2026-10-01T15:52:05.275172+00:00", "path": "evaluation/snapshots/attempt-03-done/result.json", "bytes": 790, "sha256": "653a431e57b8973b6e2aed32078de4cd4e5c75dd21baae1fdaa764bba9327bbb"}
{"stage": "artifact_closed", "utc": "2026-10-01T15:52:05.275561+00:00", "path": "evaluation/snapshots/attempt-03-done/run.json", "bytes": 4584, "sha256": "a0a8126b915d945e160be94f51410fd258cd38b87012bfbc8e584ffe4ba30052"}
{"stage": "artifact_closed", "utc": "2026-10-01T15:52:05.275975+00:00", "path": "evaluation/snapshots/attempt-03-start/run.json", "bytes": 3621, "sha256": "6668fefb81f542c35d8869a0fbb8fc106158303dc9bdd0fa621d2f3c5c9995f5"}
{"stage": "artifact_closed", "utc": "2026-10-01T15:52:05.276381+00:00", "path": "evaluation/snapshots/attempt-04-done/result.json", "bytes": 1010, "sha256": "8b176d0fb264fd7645a8b523cde122ffbf76401856c35ede1307c9718def26cc"}
{"stage": "artifact_closed", "utc": "2026-10-01T15:52:05.276765+00:00", "path": "evaluation/snapshots/attempt-04-done/run.json", "bytes": 4942, "sha256": "fd6799987c8274ab883f976fc860683c7a6d4c23daa5b931ea5d470345902d7e"}
{"stage": "artifact_closed", "utc": "2026-10-01T15:52:05.277162+00:00", "path": "evaluation/snapshots/attempt-04-start/run.json", "bytes": 3602, "sha256": "b448703d14329fdf253d079827fb7b6b40125ac19dffa4c362bf29e6f46ad9a5"}
{"stage": "artifact_closed", "utc": "2026-10-01T15:52:05.277577+00:00", "path": "evaluation/snapshots/attempt-05-done/result.json", "bytes": 1002, "sha256": "4651c0d31eba00c0f32dc814a3520437ff14326b28233e20118686eaa20c8fe2"}
{"stage": "artifact_closed", "utc": "2026-10-01T15:52:05.277960+00:00", "path": "evaluation/snapshots/attempt-05-done/run.json", "bytes": 4911, "sha256": "2839222983f491291eac35a514ab27cae2f8a06fdd9a87dcd3135fc3a399dc71"}
{"stage": "artifact_closed", "utc": "2026-10-01T15:52:05.278394+00:00", "path": "evaluation/snapshots/attempt-05-start/run.json", "bytes": 3586, "sha256": "95deca3515851c7706f9f69895aff0cdf775661d5cb367ee6376964e1cbb5a7c"}
{"stage": "artifact_closed", "utc": "2026-10-01T15:52:05.278787+00:00", "path": "evaluation/snapshots/attempt-06-done/result.json", "bytes": 1002, "sha256": "fe7743077ab5b00deaa36666a6caed6fb5a96c4f3dfd98f94ac98bea61dc5f1b"}
{"stage": "artifact_closed", "utc": "2026-10-01T15:52:05.279184+00:00", "path": "evaluation/snapshots/attempt-06-done/run.json", "bytes": 4895, "sha256": "b38cc06255700ecbd4d092ef5b70cbed955e299754e877eea69daf4c5308df45"}
{"stage": "artifact_closed", "utc": "2026-10-01T15:52:05.279589+00:00", "path": "evaluation/snapshots/attempt-06-start/run.json", "bytes": 3570, "sha256": "bcaf7f3b6b1ae6b14a3aa2ca27c9e19bc98251c700158c2f87a1d051d35f7238"}
{"stage": "artifact_closed", "utc": "2026-10-01T15:52:05.280033+00:00", "path": "evaluation/snapshots/attempt-07-done/result.json", "bytes": 839, "sha256": "c7f604be54c9511b898958f4163286eb8fd34edd1a553587c1e228aa0c6d76d8"}
{"stage": "artifact_closed", "utc": "2026-10-01T15:52:05.280455+00:00", "path": "evaluation/snapshots/attempt-07-done/run.json", "bytes": 4607, "sha256": "8c99dce8e008736e13476dd9ad05c160cdb397296596316fbc9d5bad84317a71"}
{"stage": "artifact_closed", "utc": "2026-10-01T15:52:05.280880+00:00", "path": "evaluation/snapshots/attempt-07-start/run.json", "bytes": 3554, "sha256": "d44cd35a5743dc9c8bcf502ffe813b098ed6eeb769ee8277c321c9cee9b28c42"}
{"stage": "artifact_closed", "utc": "2026-10-01T15:52:05.281280+00:00", "path": "evaluation/snapshots/attempt-08-done/result.json", "bytes": 904, "sha256": "168bfcd97e7d490b27913b5231f343ef1c444bb4c2b4411aceec76ea793e80ae"}
{"stage": "artifact_closed", "utc": "2026-10-01T15:52:05.281667+00:00", "path": "evaluation/snapshots/attempt-08-done/run.json", "bytes": 4708, "sha256": "027ba1daa18ce7ae6cfc21d9c62843b47fb54712f02623ffc7be00d6901a8bf1"}
{"stage": "artifact_closed", "utc": "2026-10-01T15:52:05.282064+00:00", "path": "evaluation/snapshots/attempt-08-start/run.json", "bytes": 3541, "sha256": "2e158d5470a7e1213a46322535fabf2458b702db54ffd0d8a641338391adfb26"}
{"stage": "artifact_closed", "utc": "2026-10-01T15:52:05.282470+00:00", "path": "evaluation/snapshots/attempt-09-done/result.json", "bytes": 874, "sha256": "044596f987de112230511d245facc2567dd0b77852830fc76a038590530c43a2"}
{"stage": "artifact_closed", "utc": "2026-10-01T15:52:05.282838+00:00", "path": "evaluation/snapshots/attempt-09-done/run.json", "bytes": 4644, "sha256": "34558cb1d6bd86b82c221b953ebae9c2090742b65db0b26be56ee172e593d074"}
{"stage": "artifact_closed", "utc": "2026-10-01T15:52:05.283249+00:00", "path": "evaluation/snapshots/attempt-09-start/run.json", "bytes": 3528, "sha256": "d15deb9b6ef8f18350958bba9a06b7a11cfe899ad7c29d5990b6a3310e6e41c6"}
{"stage": "artifact_closed", "utc": "2026-10-01T15:52:05.283625+00:00", "path": "evaluation/snapshots/attempt-10-done/result.json", "bytes": 762, "sha256": "1d32036815872358a2a10d72ba8ce085d0064f73b501c8a4bb2f85c7eed56682"}
{"stage": "artifact_closed", "utc": "2026-10-01T15:52:05.284019+00:00", "path": "evaluation/snapshots/attempt-10-done/run.json", "bytes": 4441, "sha256": "0b0bdbcd2b12365b643186cacbf49230aa3634d54bea4bc7b6755211fd82df06"}
{"stage": "artifact_closed", "utc": "2026-10-01T15:52:05.284410+00:00", "path": "evaluation/snapshots/attempt-10-start/run.json", "bytes": 3516, "sha256": "9fcacf253b9ef4d9f10867f825b222a148f3e715216224f6dfac90d0e4a4ea1e"}
{"stage": "artifact_closed", "utc": "2026-10-01T15:52:05.284791+00:00", "path": "evaluation/snapshots/attempt-11-done/result.json", "bytes": 755, "sha256": "7f7149420e6a8690c59993d827321caba413cfb2d7d2a7eaed852a8d97fd046e"}
{"stage": "artifact_closed", "utc": "2026-10-01T15:52:05.285147+00:00", "path": "evaluation/snapshots/attempt-11-done/run.json", "bytes": 4410, "sha256": "9f9cde6b2e7e14ebc4213de7179dc9aa1bb21cdbe3f700facb025cdca9243ce2"}
{"stage": "artifact_closed", "utc": "2026-10-01T15:52:05.285539+00:00", "path": "evaluation/snapshots/attempt-11-start/run.json", "bytes": 3501, "sha256": "74bffe143c167670e9a597677fa174dda53fe8ec5e798bfdf2939e0edfe6cb67"}
{"stage": "artifact_closed", "utc": "2026-10-01T15:52:05.285909+00:00", "path": "evaluation/snapshots/attempt-12-done/result.json", "bytes": 733, "sha256": "3a9948247740b0b1c4024918a9adde7a850699845761ffb589016e36e2d7ffe3"}
{"stage": "artifact_closed", "utc": "2026-10-01T15:52:05.286262+00:00", "path": "evaluation/snapshots/attempt-12-done/run.json", "bytes": 4348, "sha256": "d0c16902559a2057255416dab4e5e5d579cccf3efb13dbb348309f3ee0eb9a13"}
{"stage": "artifact_closed", "utc": "2026-10-01T15:52:05.286637+00:00", "path": "evaluation/snapshots/attempt-12-start/run.json", "bytes": 3482, "sha256": "38894b463980cd8831b892c4c31767ff86f00ed3e7a5d8ed8885555fb6068dfb"}
{"stage": "artifact_closed", "utc": "2026-10-01T15:52:05.287073+00:00", "path": "evaluation/snapshots/loading/run.json", "bytes": 3241, "sha256": "94f833f22088ec8d068278acef52ecd5061f40e4c209f71f640c56a89d67031d"}
{"stage": "artifact_closed", "utc": "2026-10-01T15:52:05.287464+00:00", "path": "evaluation/snapshots/prefill-passed/run.json", "bytes": 3674, "sha256": "46068dccbcbb8f5e142f7e50cecbec83b8cd799614e21eeb66e877315a5faca2"}
{"stage": "artifact_closed", "utc": "2026-10-01T15:52:05.287841+00:00", "path": "job-status.json", "bytes": 2482, "sha256": "d8377c58c4c02b718937bdbaae5965447df0ab62eb32a47bc846dfe46b8ab89d"}
{"stage": "artifact_closed", "utc": "2026-10-01T15:52:05.288512+00:00", "path": "model-inputs.jsonl", "bytes": 21374, "sha256": "c9aedede8750f4f6650db112eab60be618c53c91845af5c1362feae8ab0b909e"}
{"stage": "artifact_closed", "utc": "2026-10-01T15:52:05.288865+00:00", "path": "reconciliation.json", "bytes": 678, "sha256": "bfb4a5f4085fb4dea2884d7fd9d643063a9e29310f3e7c45295e82980669057d"}
{"stage": "artifact_closed", "utc": "2026-10-01T15:52:05.289231+00:00", "path": "trained-manifest.json", "bytes": 5949, "sha256": "b61409386550270efa1ae738fabe962a167cd2fffcd4ced0d7cc3e3f1d78c3f6"}
{"stage": "ready_to_persist", "utc": "2026-10-01T15:52:05.296270+00:00", "manifest_sha256": "b0c4fc4d3cb1c2f350d4592825d7a1385d5f588ee20d4bc9204a783352cf32b5", "remote_inventory_verified": false}
{"stage": "persistence_window_expired", "utc": "2026-10-01T15:53:05.296396+00:00", "remote_inventory_verified": false}
